// Jest Snapshot v1, https://goo.gl/fbAQLP

exports[`Get filtered rows of dataset with all types of operators 1`] = `
[
  [
    "01-701-1015",
    "Placebo",
    63,
    "WHITE",
    "F",
    "COMPLETED",
  ],
  [
    "01-701-1023",
    "Placebo",
    64,
    "WHITE",
    "M",
    "ADVERSE EVENT",
  ],
  [
    "01-701-1028",
    "Xanomeline High Dose",
    71,
    "WHITE",
    "M",
    "COMPLETED",
  ],
  [
    "01-701-1033",
    "Xanomeline Low Dose",
    74,
    "WHITE",
    "M",
    "STUDY TERMINATED BY SPONSOR",
  ],
  [
    "01-701-1034",
    "Xanomeline High Dose",
    77,
    "WHITE",
    "F",
    "COMPLETED",
  ],
  [
    "01-701-1047",
    "Placebo",
    85,
    "WHITE",
    "F",
    "ADVERSE EVENT",
  ],
  [
    "01-701-1097",
    "Xanomeline Low Dose",
    68,
    "WHITE",
    "M",
    "COMPLETED",
  ],
  [
    "01-701-1111",
    "Xanomeline Low Dose",
    81,
    "WHITE",
    "F",
    "ADVERSE EVENT",
  ],
  [
    "01-701-1115",
    "Xanomeline Low Dose",
    84,
    "WHITE",
    "M",
    "ADVERSE EVENT",
  ],
  [
    "01-701-1118",
    "Placebo",
    52,
    "WHITE",
    "M",
    "COMPLETED",
  ],
  [
    "01-701-1130",
    "Placebo",
    84,
    "WHITE",
    "M",
    "COMPLETED",
  ],
  [
    "01-701-1133",
    "Xanomeline High Dose",
    81,
    "WHITE",
    "F",
    "COMPLETED",
  ],
  [
    "01-701-1146",
    "Xanomeline High Dose",
    75,
    "WHITE",
    "F",
    "ADVERSE EVENT",
  ],
  [
    "01-701-1148",
    "Xanomeline High Dose",
    57,
    "WHITE",
    "M",
    "COMPLETED",
  ],
  [
    "01-701-1153",
    "Placebo",
    79,
    "WHITE",
    "F",
    "COMPLETED",
  ],
  [
    "01-701-1180",
    "Xanomeline High Dose",
    56,
    "WHITE",
    "M",
    "ADVERSE EVENT",
  ],
  [
    "01-701-1181",
    "Xanomeline High Dose",
    79,
    "WHITE",
    "F",
    "ADVERSE EVENT",
  ],
  [
    "01-701-1188",
    "Xanomeline Low Dose",
    71,
    "WHITE",
    "M",
    "ADVERSE EVENT",
  ],
  [
    "01-701-1192",
    "Xanomeline Low Dose",
    80,
    "WHITE",
    "F",
    "COMPLETED",
  ],
  [
    "01-701-1203",
    "Placebo",
    81,
    "BLACK OR AFRICAN AMERICAN",
    "F",
    "COMPLETED",
  ],
  [
    "01-701-1211",
    "Xanomeline Low Dose",
    76,
    "WHITE",
    "F",
    "DEATH",
  ],
  [
    "01-701-1234",
    "Placebo",
    69,
    "WHITE",
    "M",
    "COMPLETED",
  ],
  [
    "01-701-1239",
    "Xanomeline High Dose",
    56,
    "WHITE",
    "M",
    "COMPLETED",
  ],
  [
    "01-701-1275",
    "Xanomeline High Dose",
    61,
    "AMERICAN INDIAN OR ALASKA NATIVE",
    "M",
    "WITHDRAWAL BY SUBJECT",
  ],
  [
    "01-701-1287",
    "Xanomeline High Dose",
    56,
    "WHITE",
    "F",
    "COMPLETED",
  ],
  [
    "01-701-1294",
    "Xanomeline Low Dose",
    67,
    "WHITE",
    "M",
    "ADVERSE EVENT",
  ],
  [
    "01-701-1302",
    "Xanomeline High Dose",
    61,
    "WHITE",
    "M",
    "ADVERSE EVENT",
  ],
  [
    "01-701-1317",
    "Xanomeline Low Dose",
    68,
    "WHITE",
    "M",
    "COMPLETED",
  ],
  [
    "01-701-1324",
    "Xanomeline Low Dose",
    79,
    "WHITE",
    "M",
    "COMPLETED",
  ],
  [
    "01-701-1341",
    "Xanomeline Low Dose",
    51,
    "WHITE",
    "M",
    "ADVERSE EVENT",
  ],
  [
    "01-701-1345",
    "Placebo",
    63,
    "WHITE",
    "F",
    "STUDY TERMINATED BY SPONSOR",
  ],
  [
    "01-701-1360",
    "Xanomeline High Dose",
    67,
    "WHITE",
    "M",
    "PHYSICIAN DECISION",
  ],
  [
    "01-701-1363",
    "Placebo",
    81,
    "BLACK OR AFRICAN AMERICAN",
    "F",
    "COMPLETED",
  ],
  [
    "01-701-1383",
    "Xanomeline High Dose",
    72,
    "WHITE",
    "F",
    "COMPLETED",
  ],
  [
    "01-701-1387",
    "Placebo",
    87,
    "WHITE",
    "F",
    "PROTOCOL VIOLATION",
  ],
  [
    "01-701-1392",
    "Placebo",
    78,
    "WHITE",
    "M",
    "COMPLETED",
  ],
  [
    "01-701-1415",
    "Placebo",
    85,
    "WHITE",
    "M",
    "COMPLETED",
  ],
  [
    "01-701-1429",
    "Xanomeline Low Dose",
    84,
    "WHITE",
    "F",
    "WITHDRAWAL BY SUBJECT",
  ],
  [
    "01-701-1440",
    "Placebo",
    70,
    "WHITE",
    "M",
    "COMPLETED",
  ],
  [
    "01-701-1442",
    "Xanomeline Low Dose",
    57,
    "BLACK OR AFRICAN AMERICAN",
    "F",
    "COMPLETED",
  ],
  [
    "01-701-1444",
    "Xanomeline High Dose",
    63,
    "WHITE",
    "M",
    "ADVERSE EVENT",
  ],
  [
    "01-702-1082",
    "Xanomeline Low Dose",
    84,
    "WHITE",
    "F",
    "WITHDRAWAL BY SUBJECT",
  ],
  [
    "01-703-1042",
    "Placebo",
    64,
    "WHITE",
    "M",
    "COMPLETED",
  ],
  [
    "01-703-1076",
    "Xanomeline High Dose",
    69,
    "WHITE",
    "M",
    "ADVERSE EVENT",
  ],
  [
    "01-703-1086",
    "Xanomeline Low Dose",
    71,
    "WHITE",
    "M",
    "ADVERSE EVENT",
  ],
  [
    "01-703-1096",
    "Placebo",
    81,
    "WHITE",
    "F",
    "LOST TO FOLLOW-UP",
  ],
  [
    "01-703-1100",
    "Placebo",
    84,
    "WHITE",
    "F",
    "COMPLETED",
  ],
  [
    "01-703-1119",
    "Xanomeline Low Dose",
    81,
    "WHITE",
    "F",
    "ADVERSE EVENT",
  ],
  [
    "01-703-1175",
    "Placebo",
    75,
    "WHITE",
    "M",
    "PROTOCOL VIOLATION",
  ],
  [
    "01-703-1182",
    "Xanomeline Low Dose",
    84,
    "WHITE",
    "M",
    "ADVERSE EVENT",
  ],
  [
    "01-703-1197",
    "Xanomeline Low Dose",
    76,
    "BLACK OR AFRICAN AMERICAN",
    "F",
    "WITHDRAWAL BY SUBJECT",
  ],
  [
    "01-703-1210",
    "Placebo",
    72,
    "WHITE",
    "F",
    "COMPLETED",
  ],
  [
    "01-703-1258",
    "Xanomeline High Dose",
    78,
    "WHITE",
    "F",
    "ADVERSE EVENT",
  ],
  [
    "01-703-1279",
    "Xanomeline Low Dose",
    72,
    "WHITE",
    "F",
    "WITHDRAWAL BY SUBJECT",
  ],
  [
    "01-703-1295",
    "Xanomeline High Dose",
    88,
    "WHITE",
    "F",
    "WITHDRAWAL BY SUBJECT",
  ],
  [
    "01-703-1299",
    "Placebo",
    81,
    "WHITE",
    "F",
    "COMPLETED",
  ],
  [
    "01-703-1335",
    "Xanomeline High Dose",
    67,
    "BLACK OR AFRICAN AMERICAN",
    "F",
    "PROTOCOL VIOLATION",
  ],
  [
    "01-703-1379",
    "Xanomeline Low Dose",
    81,
    "BLACK OR AFRICAN AMERICAN",
    "F",
    "COMPLETED",
  ],
  [
    "01-703-1403",
    "Xanomeline High Dose",
    67,
    "WHITE",
    "M",
    "ADVERSE EVENT",
  ],
  [
    "01-703-1439",
    "Xanomeline High Dose",
    76,
    "WHITE",
    "F",
    "COMPLETED",
  ],
  [
    "01-704-1008",
    "Xanomeline High Dose",
    76,
    "WHITE",
    "F",
    "ADVERSE EVENT",
  ],
  [
    "01-704-1009",
    "Xanomeline Low Dose",
    83,
    "WHITE",
    "M",
    "WITHDRAWAL BY SUBJECT",
  ],
  [
    "01-704-1010",
    "Placebo",
    80,
    "WHITE",
    "M",
    "WITHDRAWAL BY SUBJECT",
  ],
  [
    "01-704-1017",
    "Xanomeline High Dose",
    77,
    "WHITE",
    "M",
    "ADVERSE EVENT",
  ],
  [
    "01-704-1025",
    "Xanomeline Low Dose",
    81,
    "WHITE",
    "F",
    "ADVERSE EVENT",
  ],
  [
    "01-704-1065",
    "Xanomeline High Dose",
    75,
    "WHITE",
    "M",
    "ADVERSE EVENT",
  ],
  [
    "01-704-1074",
    "Xanomeline High Dose",
    80,
    "WHITE",
    "F",
    "ADVERSE EVENT",
  ],
  [
    "01-704-1093",
    "Xanomeline High Dose",
    79,
    "WHITE",
    "M",
    "ADVERSE EVENT",
  ],
  [
    "01-704-1114",
    "Xanomeline Low Dose",
    77,
    "WHITE",
    "M",
    "WITHDRAWAL BY SUBJECT",
  ],
  [
    "01-704-1120",
    "Xanomeline Low Dose",
    71,
    "WHITE",
    "F",
    "ADVERSE EVENT",
  ],
  [
    "01-704-1127",
    "Placebo",
    84,
    "WHITE",
    "F",
    "COMPLETED",
  ],
  [
    "01-704-1135",
    "Xanomeline Low Dose",
    74,
    "WHITE",
    "F",
    "COMPLETED",
  ],
  [
    "01-704-1164",
    "Placebo",
    67,
    "WHITE",
    "F",
    "COMPLETED",
  ],
  [
    "01-704-1218",
    "Xanomeline Low Dose",
    81,
    "WHITE",
    "F",
    "COMPLETED",
  ],
  [
    "01-704-1233",
    "Placebo",
    87,
    "WHITE",
    "F",
    "WITHDRAWAL BY SUBJECT",
  ],
  [
    "01-704-1241",
    "Xanomeline High Dose",
    86,
    "WHITE",
    "M",
    "ADVERSE EVENT",
  ],
  [
    "01-704-1260",
    "Placebo",
    71,
    "WHITE",
    "F",
    "WITHDRAWAL BY SUBJECT",
  ],
  [
    "01-704-1266",
    "Xanomeline High Dose",
    82,
    "WHITE",
    "M",
    "ADVERSE EVENT",
  ],
  [
    "01-704-1323",
    "Xanomeline Low Dose",
    68,
    "WHITE",
    "F",
    "ADVERSE EVENT",
  ],
  [
    "01-704-1325",
    "Xanomeline Low Dose",
    81,
    "WHITE",
    "M",
    "PROTOCOL VIOLATION",
  ],
  [
    "01-704-1332",
    "Xanomeline High Dose",
    80,
    "WHITE",
    "M",
    "ADVERSE EVENT",
  ],
  [
    "01-704-1351",
    "Placebo",
    70,
    "WHITE",
    "M",
    "COMPLETED",
  ],
  [
    "01-704-1388",
    "Placebo",
    81,
    "WHITE",
    "M",
    "COMPLETED",
  ],
  [
    "01-704-1435",
    "Placebo",
    74,
    "WHITE",
    "M",
    "WITHDRAWAL BY SUBJECT",
  ],
  [
    "01-704-1445",
    "Placebo",
    75,
    "WHITE",
    "M",
    "DEATH",
  ],
  [
    "01-705-1018",
    "Placebo",
    69,
    "WHITE",
    "F",
    "WITHDRAWAL BY SUBJECT",
  ],
  [
    "01-705-1031",
    "Xanomeline Low Dose",
    56,
    "WHITE",
    "F",
    "LOST TO FOLLOW-UP",
  ],
  [
    "01-705-1059",
    "Placebo",
    66,
    "WHITE",
    "F",
    "ADVERSE EVENT",
  ],
  [
    "01-705-1186",
    "Placebo",
    84,
    "WHITE",
    "F",
    "PHYSICIAN DECISION",
  ],
  [
    "01-705-1199",
    "Xanomeline Low Dose",
    87,
    "WHITE",
    "M",
    "ADVERSE EVENT",
  ],
  [
    "01-705-1280",
    "Xanomeline High Dose",
    56,
    "WHITE",
    "F",
    "COMPLETED",
  ],
  [
    "01-705-1281",
    "Xanomeline High Dose",
    73,
    "BLACK OR AFRICAN AMERICAN",
    "F",
    "ADVERSE EVENT",
  ],
  [
    "01-705-1282",
    "Placebo",
    70,
    "BLACK OR AFRICAN AMERICAN",
    "F",
    "COMPLETED",
  ],
  [
    "01-705-1292",
    "Xanomeline Low Dose",
    60,
    "BLACK OR AFRICAN AMERICAN",
    "F",
    "COMPLETED",
  ],
  [
    "01-705-1303",
    "Xanomeline High Dose",
    72,
    "WHITE",
    "M",
    "ADVERSE EVENT",
  ],
  [
    "01-705-1310",
    "Xanomeline High Dose",
    74,
    "WHITE",
    "F",
    "ADVERSE EVENT",
  ],
  [
    "01-705-1349",
    "Placebo",
    86,
    "WHITE",
    "F",
    "COMPLETED",
  ],
  [
    "01-705-1377",
    "Xanomeline High Dose",
    63,
    "BLACK OR AFRICAN AMERICAN",
    "F",
    "WITHDRAWAL BY SUBJECT",
  ],
  [
    "01-705-1382",
    "Xanomeline High Dose",
    82,
    "WHITE",
    "M",
    "PROTOCOL VIOLATION",
  ],
  [
    "01-705-1393",
    "Xanomeline Low Dose",
    84,
    "WHITE",
    "F",
    "ADVERSE EVENT",
  ],
  [
    "01-705-1431",
    "Xanomeline Low Dose",
    68,
    "WHITE",
    "F",
    "COMPLETED",
  ],
  [
    "01-706-1041",
    "Placebo",
    64,
    "BLACK OR AFRICAN AMERICAN",
    "F",
    "COMPLETED",
  ],
  [
    "01-706-1049",
    "Xanomeline High Dose",
    60,
    "WHITE",
    "F",
    "ADVERSE EVENT",
  ],
  [
    "01-706-1384",
    "Xanomeline Low Dose",
    74,
    "WHITE",
    "F",
    "ADVERSE EVENT",
  ],
  [
    "01-707-1037",
    "Xanomeline Low Dose",
    72,
    "WHITE",
    "F",
    "WITHDRAWAL BY SUBJECT",
  ],
  [
    "01-707-1206",
    "Placebo",
    65,
    "WHITE",
    "M",
    "COMPLETED",
  ],
  [
    "01-708-1019",
    "Xanomeline Low Dose",
    68,
    "WHITE",
    "M",
    "ADVERSE EVENT",
  ],
  [
    "01-708-1032",
    "Xanomeline Low Dose",
    62,
    "WHITE",
    "M",
    "ADVERSE EVENT",
  ],
  [
    "01-708-1084",
    "Xanomeline Low Dose",
    73,
    "WHITE",
    "F",
    "COMPLETED",
  ],
  [
    "01-708-1087",
    "Placebo",
    74,
    "WHITE",
    "F",
    "COMPLETED",
  ],
  [
    "01-708-1158",
    "Placebo",
    81,
    "WHITE",
    "F",
    "ADVERSE EVENT",
  ],
  [
    "01-708-1171",
    "Placebo",
    77,
    "WHITE",
    "F",
    "COMPLETED",
  ],
  [
    "01-708-1178",
    "Xanomeline High Dose",
    77,
    "BLACK OR AFRICAN AMERICAN",
    "F",
    "PHYSICIAN DECISION",
  ],
  [
    "01-708-1213",
    "Xanomeline High Dose",
    76,
    "WHITE",
    "F",
    "ADVERSE EVENT",
  ],
  [
    "01-708-1216",
    "Xanomeline High Dose",
    78,
    "WHITE",
    "M",
    "ADVERSE EVENT",
  ],
  [
    "01-708-1236",
    "Xanomeline High Dose",
    86,
    "WHITE",
    "F",
    "WITHDRAWAL BY SUBJECT",
  ],
  [
    "01-708-1253",
    "Placebo",
    61,
    "WHITE",
    "M",
    "COMPLETED",
  ],
  [
    "01-708-1272",
    "Xanomeline Low Dose",
    82,
    "WHITE",
    "M",
    "WITHDRAWAL BY SUBJECT",
  ],
  [
    "01-708-1286",
    "Placebo",
    80,
    "BLACK OR AFRICAN AMERICAN",
    "F",
    "COMPLETED",
  ],
  [
    "01-708-1296",
    "Placebo",
    57,
    "BLACK OR AFRICAN AMERICAN",
    "M",
    "COMPLETED",
  ],
  [
    "01-708-1297",
    "Xanomeline Low Dose",
    61,
    "WHITE",
    "M",
    "ADVERSE EVENT",
  ],
  [
    "01-708-1316",
    "Placebo",
    74,
    "WHITE",
    "F",
    "COMPLETED",
  ],
  [
    "01-708-1336",
    "Xanomeline High Dose",
    73,
    "WHITE",
    "M",
    "COMPLETED",
  ],
  [
    "01-708-1342",
    "Placebo",
    59,
    "WHITE",
    "F",
    "COMPLETED",
  ],
  [
    "01-708-1347",
    "Xanomeline High Dose",
    61,
    "WHITE",
    "F",
    "ADVERSE EVENT",
  ],
  [
    "01-708-1348",
    "Xanomeline Low Dose",
    79,
    "WHITE",
    "F",
    "COMPLETED",
  ],
  [
    "01-708-1353",
    "Xanomeline Low Dose",
    87,
    "BLACK OR AFRICAN AMERICAN",
    "F",
    "ADVERSE EVENT",
  ],
  [
    "01-708-1372",
    "Xanomeline High Dose",
    84,
    "WHITE",
    "M",
    "PROTOCOL VIOLATION",
  ],
  [
    "01-708-1378",
    "Placebo",
    67,
    "BLACK OR AFRICAN AMERICAN",
    "M",
    "STUDY TERMINATED BY SPONSOR",
  ],
  [
    "01-708-1406",
    "Xanomeline High Dose",
    71,
    "WHITE",
    "F",
    "COMPLETED",
  ],
  [
    "01-708-1428",
    "Xanomeline Low Dose",
    84,
    "WHITE",
    "F",
    "ADVERSE EVENT",
  ],
  [
    "01-709-1001",
    "Placebo",
    76,
    "WHITE",
    "F",
    "COMPLETED",
  ],
  [
    "01-709-1007",
    "Xanomeline Low Dose",
    54,
    "WHITE",
    "F",
    "ADVERSE EVENT",
  ],
  [
    "01-709-1020",
    "Xanomeline Low Dose",
    72,
    "WHITE",
    "F",
    "COMPLETED",
  ],
  [
    "01-709-1029",
    "Xanomeline High Dose",
    82,
    "WHITE",
    "M",
    "COMPLETED",
  ],
  [
    "01-709-1081",
    "Xanomeline Low Dose",
    86,
    "WHITE",
    "F",
    "ADVERSE EVENT",
  ],
  [
    "01-709-1088",
    "Placebo",
    69,
    "WHITE",
    "M",
    "COMPLETED",
  ],
  [
    "01-709-1099",
    "Xanomeline High Dose",
    79,
    "WHITE",
    "F",
    "COMPLETED",
  ],
  [
    "01-709-1102",
    "Xanomeline Low Dose",
    71,
    "WHITE",
    "F",
    "ADVERSE EVENT",
  ],
  [
    "01-709-1168",
    "Xanomeline High Dose",
    72,
    "WHITE",
    "F",
    "ADVERSE EVENT",
  ],
  [
    "01-709-1217",
    "Xanomeline Low Dose",
    77,
    "WHITE",
    "M",
    "ADVERSE EVENT",
  ],
  [
    "01-709-1238",
    "Xanomeline High Dose",
    69,
    "WHITE",
    "M",
    "ADVERSE EVENT",
  ],
  [
    "01-709-1259",
    "Placebo",
    82,
    "WHITE",
    "M",
    "LACK OF EFFICACY",
  ],
  [
    "01-709-1285",
    "Xanomeline Low Dose",
    87,
    "WHITE",
    "M",
    "STUDY TERMINATED BY SPONSOR",
  ],
  [
    "01-709-1301",
    "Placebo",
    62,
    "WHITE",
    "F",
    "COMPLETED",
  ],
  [
    "01-709-1306",
    "Placebo",
    60,
    "WHITE",
    "F",
    "ADVERSE EVENT",
  ],
  [
    "01-709-1309",
    "Xanomeline High Dose",
    65,
    "WHITE",
    "M",
    "COMPLETED",
  ],
  [
    "01-709-1312",
    "Placebo",
    68,
    "WHITE",
    "F",
    "COMPLETED",
  ],
  [
    "01-709-1326",
    "Xanomeline Low Dose",
    75,
    "WHITE",
    "F",
    "COMPLETED",
  ],
  [
    "01-709-1329",
    "Xanomeline High Dose",
    70,
    "WHITE",
    "M",
    "WITHDRAWAL BY SUBJECT",
  ],
  [
    "01-709-1339",
    "Placebo",
    81,
    "WHITE",
    "M",
    "COMPLETED",
  ],
  [
    "01-709-1424",
    "Xanomeline High Dose",
    77,
    "WHITE",
    "M",
    "ADVERSE EVENT",
  ],
  [
    "01-710-1002",
    "Xanomeline Low Dose",
    88,
    "WHITE",
    "M",
    "ADVERSE EVENT",
  ],
  [
    "01-710-1006",
    "Xanomeline High Dose",
    77,
    "WHITE",
    "M",
    "COMPLETED",
  ],
  [
    "01-710-1021",
    "Xanomeline High Dose",
    79,
    "BLACK OR AFRICAN AMERICAN",
    "M",
    "ADVERSE EVENT",
  ],
  [
    "01-710-1027",
    "Placebo",
    83,
    "WHITE",
    "M",
    "COMPLETED",
  ],
  [
    "01-710-1045",
    "Xanomeline Low Dose",
    83,
    "WHITE",
    "F",
    "ADVERSE EVENT",
  ],
  [
    "01-710-1053",
    "Xanomeline Low Dose",
    84,
    "WHITE",
    "F",
    "ADVERSE EVENT",
  ],
  [
    "01-710-1060",
    "Placebo",
    82,
    "WHITE",
    "M",
    "COMPLETED",
  ],
  [
    "01-710-1070",
    "Xanomeline High Dose",
    85,
    "WHITE",
    "F",
    "ADVERSE EVENT",
  ],
  [
    "01-710-1077",
    "Placebo",
    76,
    "WHITE",
    "F",
    "COMPLETED",
  ],
  [
    "01-710-1078",
    "Placebo",
    81,
    "WHITE",
    "F",
    "COMPLETED",
  ],
  [
    "01-710-1083",
    "Placebo",
    89,
    "WHITE",
    "F",
    "DEATH",
  ],
  [
    "01-710-1137",
    "Xanomeline High Dose",
    79,
    "BLACK OR AFRICAN AMERICAN",
    "F",
    "ADVERSE EVENT",
  ],
  [
    "01-710-1142",
    "Xanomeline High Dose",
    76,
    "WHITE",
    "F",
    "ADVERSE EVENT",
  ],
  [
    "01-710-1154",
    "Xanomeline Low Dose",
    84,
    "WHITE",
    "M",
    "ADVERSE EVENT",
  ],
  [
    "01-710-1166",
    "Xanomeline Low Dose",
    81,
    "WHITE",
    "F",
    "ADVERSE EVENT",
  ],
  [
    "01-710-1183",
    "Placebo",
    80,
    "WHITE",
    "F",
    "COMPLETED",
  ],
  [
    "01-710-1187",
    "Xanomeline High Dose",
    78,
    "WHITE",
    "F",
    "COMPLETED",
  ],
  [
    "01-710-1235",
    "Xanomeline Low Dose",
    56,
    "WHITE",
    "F",
    "COMPLETED",
  ],
  [
    "01-710-1249",
    "Xanomeline High Dose",
    79,
    "WHITE",
    "M",
    "COMPLETED",
  ],
  [
    "01-710-1264",
    "Placebo",
    78,
    "WHITE",
    "M",
    "ADVERSE EVENT",
  ],
  [
    "01-710-1270",
    "Xanomeline Low Dose",
    83,
    "WHITE",
    "F",
    "ADVERSE EVENT",
  ],
  [
    "01-710-1271",
    "Placebo",
    86,
    "WHITE",
    "F",
    "ADVERSE EVENT",
  ],
  [
    "01-710-1278",
    "Xanomeline High Dose",
    81,
    "WHITE",
    "M",
    "ADVERSE EVENT",
  ],
  [
    "01-710-1300",
    "Xanomeline Low Dose",
    78,
    "WHITE",
    "F",
    "ADVERSE EVENT",
  ],
  [
    "01-710-1314",
    "Placebo",
    78,
    "WHITE",
    "F",
    "WITHDRAWAL BY SUBJECT",
  ],
  [
    "01-710-1315",
    "Placebo",
    83,
    "WHITE",
    "F",
    "ADVERSE EVENT",
  ],
  [
    "01-710-1354",
    "Xanomeline High Dose",
    73,
    "WHITE",
    "M",
    "COMPLETED",
  ],
  [
    "01-710-1358",
    "Xanomeline Low Dose",
    82,
    "WHITE",
    "M",
    "WITHDRAWAL BY SUBJECT",
  ],
  [
    "01-710-1368",
    "Placebo",
    88,
    "WHITE",
    "F",
    "COMPLETED",
  ],
  [
    "01-710-1385",
    "Xanomeline Low Dose",
    77,
    "WHITE",
    "M",
    "ADVERSE EVENT",
  ],
  [
    "01-710-1408",
    "Xanomeline High Dose",
    80,
    "WHITE",
    "M",
    "COMPLETED",
  ],
  [
    "01-711-1012",
    "Xanomeline High Dose",
    67,
    "WHITE",
    "F",
    "ADVERSE EVENT",
  ],
  [
    "01-711-1036",
    "Placebo",
    70,
    "BLACK OR AFRICAN AMERICAN",
    "M",
    "COMPLETED",
  ],
  [
    "01-711-1143",
    "Xanomeline Low Dose",
    76,
    "WHITE",
    "F",
    "ADVERSE EVENT",
  ],
  [
    "01-711-1433",
    "Xanomeline High Dose",
    84,
    "WHITE",
    "F",
    "ADVERSE EVENT",
  ],
  [
    "01-713-1043",
    "Xanomeline Low Dose",
    78,
    "WHITE",
    "F",
    "COMPLETED",
  ],
  [
    "01-713-1073",
    "Xanomeline Low Dose",
    74,
    "BLACK OR AFRICAN AMERICAN",
    "F",
    "COMPLETED",
  ],
  [
    "01-713-1106",
    "Xanomeline High Dose",
    74,
    "WHITE",
    "M",
    "COMPLETED",
  ],
  [
    "01-713-1141",
    "Xanomeline High Dose",
    79,
    "WHITE",
    "M",
    "ADVERSE EVENT",
  ],
  [
    "01-713-1179",
    "Placebo",
    64,
    "WHITE",
    "F",
    "COMPLETED",
  ],
  [
    "01-713-1209",
    "Xanomeline High Dose",
    77,
    "WHITE",
    "F",
    "COMPLETED",
  ],
  [
    "01-713-1256",
    "Placebo",
    71,
    "WHITE",
    "M",
    "COMPLETED",
  ],
  [
    "01-713-1269",
    "Placebo",
    73,
    "WHITE",
    "M",
    "COMPLETED",
  ],
  [
    "01-713-1448",
    "Xanomeline Low Dose",
    71,
    "WHITE",
    "F",
    "ADVERSE EVENT",
  ],
  [
    "01-714-1035",
    "Placebo",
    88,
    "WHITE",
    "F",
    "COMPLETED",
  ],
  [
    "01-714-1068",
    "Xanomeline Low Dose",
    79,
    "WHITE",
    "F",
    "ADVERSE EVENT",
  ],
  [
    "01-714-1195",
    "Xanomeline Low Dose",
    75,
    "WHITE",
    "M",
    "COMPLETED",
  ],
  [
    "01-714-1288",
    "Xanomeline High Dose",
    77,
    "BLACK OR AFRICAN AMERICAN",
    "M",
    "COMPLETED",
  ],
  [
    "01-714-1375",
    "Placebo",
    78,
    "WHITE",
    "F",
    "COMPLETED",
  ],
  [
    "01-714-1425",
    "Xanomeline High Dose",
    81,
    "WHITE",
    "M",
    "STUDY TERMINATED BY SPONSOR",
  ],
  [
    "01-715-1085",
    "Xanomeline Low Dose",
    77,
    "WHITE",
    "F",
    "COMPLETED",
  ],
  [
    "01-715-1107",
    "Xanomeline Low Dose",
    65,
    "WHITE",
    "M",
    "ADVERSE EVENT",
  ],
  [
    "01-715-1155",
    "Placebo",
    59,
    "WHITE",
    "F",
    "WITHDRAWAL BY SUBJECT",
  ],
  [
    "01-715-1207",
    "Placebo",
    78,
    "WHITE",
    "F",
    "COMPLETED",
  ],
  [
    "01-715-1319",
    "Xanomeline High Dose",
    65,
    "WHITE",
    "M",
    "WITHDRAWAL BY SUBJECT",
  ],
  [
    "01-715-1321",
    "Xanomeline High Dose",
    75,
    "WHITE",
    "F",
    "ADVERSE EVENT",
  ],
  [
    "01-715-1397",
    "Placebo",
    76,
    "WHITE",
    "F",
    "COMPLETED",
  ],
  [
    "01-715-1405",
    "Xanomeline Low Dose",
    69,
    "WHITE",
    "M",
    "ADVERSE EVENT",
  ],
  [
    "01-716-1024",
    "Placebo",
    87,
    "WHITE",
    "F",
    "COMPLETED",
  ],
  [
    "01-716-1026",
    "Placebo",
    73,
    "WHITE",
    "F",
    "COMPLETED",
  ],
  [
    "01-716-1030",
    "Xanomeline High Dose",
    83,
    "WHITE",
    "F",
    "WITHDRAWAL BY SUBJECT",
  ],
  [
    "01-716-1044",
    "Placebo",
    74,
    "WHITE",
    "M",
    "COMPLETED",
  ],
  [
    "01-716-1063",
    "Xanomeline Low Dose",
    80,
    "WHITE",
    "M",
    "ADVERSE EVENT",
  ],
  [
    "01-716-1071",
    "Xanomeline High Dose",
    78,
    "WHITE",
    "F",
    "ADVERSE EVENT",
  ],
  [
    "01-716-1094",
    "Xanomeline Low Dose",
    82,
    "WHITE",
    "M",
    "ADVERSE EVENT",
  ],
  [
    "01-716-1103",
    "Xanomeline Low Dose",
    79,
    "WHITE",
    "M",
    "COMPLETED",
  ],
  [
    "01-716-1108",
    "Placebo",
    86,
    "WHITE",
    "F",
    "COMPLETED",
  ],
  [
    "01-716-1151",
    "Xanomeline Low Dose",
    83,
    "WHITE",
    "F",
    "ADVERSE EVENT",
  ],
  [
    "01-716-1157",
    "Xanomeline Low Dose",
    85,
    "WHITE",
    "M",
    "COMPLETED",
  ],
  [
    "01-716-1160",
    "Placebo",
    83,
    "WHITE",
    "F",
    "COMPLETED",
  ],
  [
    "01-716-1167",
    "Xanomeline Low Dose",
    68,
    "WHITE",
    "M",
    "COMPLETED",
  ],
  [
    "01-716-1177",
    "Placebo",
    72,
    "WHITE",
    "M",
    "COMPLETED",
  ],
  [
    "01-716-1189",
    "Xanomeline High Dose",
    81,
    "WHITE",
    "M",
    "ADVERSE EVENT",
  ],
  [
    "01-716-1229",
    "Xanomeline High Dose",
    73,
    "WHITE",
    "F",
    "ADVERSE EVENT",
  ],
  [
    "01-716-1298",
    "Xanomeline Low Dose",
    76,
    "WHITE",
    "F",
    "ADVERSE EVENT",
  ],
  [
    "01-716-1308",
    "Placebo",
    76,
    "WHITE",
    "F",
    "WITHDRAWAL BY SUBJECT",
  ],
  [
    "01-716-1311",
    "Xanomeline Low Dose",
    78,
    "WHITE",
    "M",
    "WITHDRAWAL BY SUBJECT",
  ],
  [
    "01-716-1364",
    "Xanomeline High Dose",
    84,
    "WHITE",
    "F",
    "COMPLETED",
  ],
  [
    "01-716-1373",
    "Xanomeline High Dose",
    74,
    "WHITE",
    "M",
    "ADVERSE EVENT",
  ],
  [
    "01-716-1418",
    "Xanomeline High Dose",
    80,
    "WHITE",
    "F",
    "COMPLETED",
  ],
  [
    "01-716-1441",
    "Placebo",
    85,
    "WHITE",
    "M",
    "COMPLETED",
  ],
  [
    "01-716-1447",
    "Xanomeline High Dose",
    72,
    "WHITE",
    "F",
    "COMPLETED",
  ],
  [
    "01-717-1004",
    "Xanomeline Low Dose",
    80,
    "WHITE",
    "F",
    "COMPLETED",
  ],
  [
    "01-717-1109",
    "Xanomeline High Dose",
    84,
    "WHITE",
    "M",
    "COMPLETED",
  ],
  [
    "01-717-1174",
    "Xanomeline High Dose",
    73,
    "WHITE",
    "M",
    "COMPLETED",
  ],
  [
    "01-717-1201",
    "Placebo",
    85,
    "WHITE",
    "F",
    "LACK OF EFFICACY",
  ],
  [
    "01-717-1344",
    "Placebo",
    64,
    "WHITE",
    "F",
    "LACK OF EFFICACY",
  ],
  [
    "01-717-1357",
    "Xanomeline High Dose",
    77,
    "WHITE",
    "M",
    "STUDY TERMINATED BY SPONSOR",
  ],
  [
    "01-717-1446",
    "Xanomeline Low Dose",
    75,
    "WHITE",
    "F",
    "COMPLETED",
  ],
  [
    "01-718-1066",
    "Xanomeline Low Dose",
    79,
    "WHITE",
    "F",
    "ADVERSE EVENT",
  ],
  [
    "01-718-1079",
    "Xanomeline Low Dose",
    67,
    "WHITE",
    "F",
    "ADVERSE EVENT",
  ],
  [
    "01-718-1101",
    "Xanomeline High Dose",
    82,
    "BLACK OR AFRICAN AMERICAN",
    "M",
    "STUDY TERMINATED BY SPONSOR",
  ],
  [
    "01-718-1139",
    "Placebo",
    77,
    "WHITE",
    "M",
    "COMPLETED",
  ],
  [
    "01-718-1150",
    "Placebo",
    73,
    "WHITE",
    "F",
    "COMPLETED",
  ],
  [
    "01-718-1170",
    "Xanomeline Low Dose",
    80,
    "WHITE",
    "F",
    "ADVERSE EVENT",
  ],
  [
    "01-718-1172",
    "Placebo",
    74,
    "WHITE",
    "M",
    "WITHDRAWAL BY SUBJECT",
  ],
  [
    "01-718-1250",
    "Xanomeline Low Dose",
    82,
    "WHITE",
    "F",
    "ADVERSE EVENT",
  ],
  [
    "01-718-1254",
    "Xanomeline Low Dose",
    78,
    "WHITE",
    "M",
    "COMPLETED",
  ],
  [
    "01-718-1328",
    "Xanomeline High Dose",
    86,
    "WHITE",
    "M",
    "WITHDRAWAL BY SUBJECT",
  ],
  [
    "01-718-1355",
    "Placebo",
    79,
    "WHITE",
    "M",
    "COMPLETED",
  ],
  [
    "01-718-1371",
    "Xanomeline High Dose",
    69,
    "WHITE",
    "F",
    "ADVERSE EVENT",
  ],
  [
    "01-718-1427",
    "Xanomeline High Dose",
    74,
    "BLACK OR AFRICAN AMERICAN",
    "F",
    "LACK OF EFFICACY",
  ],
]
`;

exports[`Get filtered rows of dataset with simple "and" filter 1`] = `
[
  [
    "01-701-1115",
    84,
    "M",
  ],
  [
    "01-701-1130",
    84,
    "M",
  ],
  [
    "01-701-1415",
    85,
    "M",
  ],
  [
    "01-703-1182",
    84,
    "M",
  ],
  [
    "01-704-1009",
    83,
    "M",
  ],
]
`;
