// Jest Snapshot v1, https://goo.gl/fbAQLP

exports[`Get unique values of variables 1`] = `
{
  "STUDYID": [
    "CDISCPILOT01",
  ],
  "TRTEDT": [
    "2012-09-01",
    "2012-09-16",
    "2013-01-20",
    "2013-01-23",
    "2013-03-09",
    "2013-03-18",
    "2013-03-24",
    "2013-04-28",
    "2013-06-26",
    "2013-08-03",
    "2013-12-09",
    "2014-01-14",
    "2014-02-20",
    "2014-03-16",
    "2014-03-31",
    "2014-07-02",
    "2014-07-09",
    "2014-08-16",
    "2014-09-09",
    "2014-12-30",
  ],
  "USUBJID": [
    "01-701-1015",
    "01-701-1023",
    "01-701-1028",
    "01-701-1033",
    "01-701-1034",
    "01-701-1047",
    "01-701-1097",
    "01-701-1111",
    "01-701-1115",
    "01-701-1118",
    "01-701-1130",
    "01-701-1133",
    "01-701-1146",
    "01-701-1148",
    "01-701-1153",
    "01-701-1180",
    "01-701-1181",
    "01-701-1188",
    "01-701-1192",
    "01-701-1203",
  ],
}
`;

exports[`Get unique values of variables and do not sort the result 1`] = `
{
  "STUDYID": [
    "CDISCPILOT01",
  ],
  "TRTEDT": [
    "2014-07-02",
    "2012-09-01",
    "2014-01-14",
    "2014-03-31",
    "2014-12-30",
    "2013-03-09",
    "2014-07-09",
    "2012-09-16",
    "2013-01-23",
    "2014-09-09",
    "2014-08-16",
    "2013-04-28",
    "2013-06-26",
    "2014-02-20",
    "2014-03-16",
    "2013-03-18",
    "2013-12-09",
    "2013-03-24",
    "2013-01-20",
    "2013-08-03",
  ],
  "USUBJID": [
    "01-701-1015",
    "01-701-1023",
    "01-701-1028",
    "01-701-1033",
    "01-701-1034",
    "01-701-1047",
    "01-701-1097",
    "01-701-1111",
    "01-701-1115",
    "01-701-1118",
    "01-701-1130",
    "01-701-1133",
    "01-701-1146",
    "01-701-1148",
    "01-701-1153",
    "01-701-1180",
    "01-701-1181",
    "01-701-1188",
    "01-701-1192",
    "01-701-1203",
  ],
}
`;
