// Jest Snapshot v1, https://goo.gl/fbAQLP

exports[`Read the first and the last record dataset 1`] = `
[
  {
    "AGE": 63,
    "AGEGR1": "<65",
    "AGEGR1N": 1,
    "AGEU": "YEARS",
    "ARM": "Placebo",
    "AVGDD": 0,
    "BMIBL": 25.1,
    "BMIBLGR1": "25-<30",
    "COMP16FL": "Y",
    "COMP24FL": "Y",
    "COMP8FL": "Y",
    "CUMDOSE": 0,
    "DCDECOD": "COMPLETED",
    "DCSREAS": "",
    "DISCONFL": "",
    "DISONSDT": "2010-04-30",
    "DSRAEFL": "",
    "DTHFL": "",
    "DURDIS": 43.9,
    "DURDSGR1": ">=12",
    "EDUCLVL": 16,
    "EFFFL": "Y",
    "EOSSTT": "COMPLETED",
    "ETHNIC": "HISPANIC OR LATINO",
    "HEIGHTBL": 147.3,
    "ITEMGROUPDATASEQ": 1,
    "ITTFL": "Y",
    "MMSETOT": 23,
    "RACE": "WHITE",
    "RACEN": 1,
    "RFENDT": "2014-07-02",
    "RFENDTC": "2014-07-02",
    "RFSTDTC": "2014-01-02",
    "SAFFL": "Y",
    "SEX": "F",
    "SITEGR1": "701",
    "SITEID": "701",
    "STUDYID": "CDISCPILOT01",
    "SUBJID": "1015",
    "TRT01A": "Placebo",
    "TRT01AN": 0,
    "TRT01P": "Placebo",
    "TRT01PN": 0,
    "TRTDURD": 182,
    "TRTEDT": "2014-07-02",
    "TRTSDT": "2014-01-02",
    "USUBJID": "01-701-1015",
    "VISIT1DT": "2013-12-26",
    "VISNUMEN": 12,
    "WEIGHTBL": 54.4,
  },
  {
    "AGE": 74,
    "AGEGR1": "65-80",
    "AGEGR1N": 2,
    "AGEU": "YEARS",
    "ARM": "Xanomeline High Dose",
    "AVGDD": 73.9,
    "BMIBL": 20.5,
    "BMIBLGR1": "<25",
    "COMP16FL": "N",
    "COMP24FL": "N",
    "COMP8FL": "Y",
    "CUMDOSE": 4212,
    "DCDECOD": "LACK OF EFFICACY",
    "DCSREAS": "Lack of Efficacy",
    "DISCONFL": "Y",
    "DISONSDT": "2010-05-03",
    "DSRAEFL": "",
    "DTHFL": "",
    "DURDIS": 31.4,
    "DURDSGR1": ">=12",
    "EDUCLVL": 16,
    "EFFFL": "Y",
    "EOSSTT": "DISCONTINUED",
    "ETHNIC": "NOT HISPANIC OR LATINO",
    "HEIGHTBL": 158.8,
    "ITEMGROUPDATASEQ": 254,
    "ITTFL": "Y",
    "MMSETOT": 19,
    "RACE": "BLACK OR AFRICAN AMERICAN",
    "RACEN": 2,
    "RFENDT": "2013-02-18",
    "RFENDTC": "2013-02-18",
    "RFSTDTC": "2012-12-17",
    "SAFFL": "Y",
    "SEX": "F",
    "SITEGR1": "718",
    "SITEID": "718",
    "STUDYID": "CDISCPILOT01",
    "SUBJID": "1427",
    "TRT01A": "Xanomeline High Dose",
    "TRT01AN": 81,
    "TRT01P": "Xanomeline High Dose",
    "TRT01PN": 81,
    "TRTDURD": 57,
    "TRTEDT": "2013-02-11",
    "TRTSDT": "2012-12-17",
    "USUBJID": "01-718-1427",
    "VISIT1DT": "2012-12-13",
    "VISNUMEN": 8,
    "WEIGHTBL": 51.7,
  },
]
`;
